C51 COMPILER V9.60.0.0   _SIMON_LCD_DISPLAY_3_SHIFTING_                                    07/18/2020 17:04:20 PAGE 1   


C51 COMPILER V9.60.0.0, COMPILATION OF MODULE _SIMON_LCD_DISPLAY_3_SHIFTING_
OBJECT MODULE PLACED IN .\Objects\[Simon]lcd_display_3(shifting).obj
COMPILER INVOKED BY: C:\Keil_v5\C51\BIN\C51.EXE [Simon]lcd_display_3(shifting).c OPTIMIZE(8,SPEED) BROWSE DEBUG OBJECTEX
                    -TEND PRINT(.\Listings\[Simon]lcd_display_3(shifting).lst) TABS(2) OBJECT(.\Objects\[Simon]lcd_display_3(shifting).obj)

line level    source

   1          #include<reg52.h>
   2          
   3          sbit rs = P2^3; // register select
   4          sbit rw = P2^4; // read/write
   5          sbit en = P2^5; // read/write enable
   6          
   7          char yourdata2[] ={"here I come"};
   8          char yourdata1[] ={"Hello world"};
   9            
  10          void lcd_init(); // lcd initialization
  11          void write_com(char com); //write command
  12          void write_data(char _data); // write data
  13          
  14          void delay(char x);// delay function
  15          void main()
  16          {
  17   1        char i;
  18   1        lcd_init();
  19   1        delay(20);
  20   1        
  21   1        //display on line 1
  22   1        write_com(0x80+17);
  23   1        delay(10);
  24   1        
  25   1        for(i =0; i<11; i++)
  26   1        {
  27   2          write_data(yourdata1[i]);
  28   2          delay(10);
  29   2        }
  30   1        //display on line 2
  31   1        write_com(0xc0+17);
  32   1        delay(10);
  33   1        
  34   1        for(i =0; i<11; i++)
  35   1        {
  36   2          write_data(yourdata2[i]);
  37   2          delay(10);
  38   2        }
  39   1        
  40   1          for(i =0; i<12+16-11; i++)
  41   1        {
  42   2          write_com(0x18);
  43   2          delay(100);
  44   2        }
  45   1        while(1)
  46   1        {}
  47   1      }
  48          
  49          void lcd_init() // lcd initialization
  50          {
  51   1          // prepare the screen -16*2 5*7 matrix
  52   1          write_com(0x38);
  53   1          // turn on display
  54   1          write_com(0x08);
C51 COMPILER V9.60.0.0   _SIMON_LCD_DISPLAY_3_SHIFTING_                                    07/18/2020 17:04:20 PAGE 2   

  55   1          // clear the screen
  56   1          write_com(1);
  57   1          // prepare cursor and data pointer
  58   1          write_com(6);
  59   1          // cursor setup
  60   1          write_com(0x0c);
  61   1          
  62   1      }
  63          void write_com(char com) //write command
  64          {
  65   1        rs = 0; rw =0; P0 = com;
  66   1        en = 0;
  67   1        delay(10);
  68   1        en = 1;
  69   1        delay(10);
  70   1        en = 0;
  71   1      }
  72          void write_data(char _data) // write data
  73          {
  74   1        rs = 1;  rw = 0; P0 = _data;
  75   1        en = 0;
  76   1        delay(10);
  77   1        en = 1;
  78   1        delay(10);
  79   1        en = 0;
  80   1        
  81   1      }
  82          
  83          void delay(char x)// delay function
  84          {
  85   1        char y;
  86   1        while(x--)
  87   1          for(y =0; y<120; y++);
  88   1      }


MODULE INFORMATION:   STATIC OVERLAYABLE
   CODE SIZE        =    235    ----
   CONSTANT SIZE    =   ----    ----
   XDATA SIZE       =   ----    ----
   PDATA SIZE       =   ----    ----
   DATA SIZE        =     24       1
   IDATA SIZE       =   ----    ----
   BIT SIZE         =   ----    ----
END OF MODULE INFORMATION.


C51 COMPILATION COMPLETE.  0 WARNING(S),  0 ERROR(S)
